<area shape="rect" id="node3" href="$path_8c.html#8539b4e587a7ea71221206e43f29ead5" title="Add a directory to path." alt="" coords="143,32,209,61">
<area shape="rect" id="node5" href="$maos_2parms_8h.html#fad950a4f059f347cede7c2f97c7e0bd" title="Free the parms struct." alt="" coords="133,85,219,115">
<area shape="rect" id="node7" href="$maos_2utils_8c.html#a54aacd870579af5c2d7f1023f7a5624" title="Try to lock file for each seed." alt="" coords="132,139,220,168">
<area shape="rect" id="node9" href="$maos_8c.html#03b12a216d3e6a33a008f5e35da726e3" title="This is the routine that calls various functions to do the simulation." alt="" coords="149,192,203,221">
<area shape="rect" id="node27" href="$maos_2utils_8c.html#6331baae7550213ee98a12f9c3bbc5ce" title="Handles signals." alt="" coords="104,245,248,275">
<area shape="rect" id="node29" href="$maos_2utils_8c.html#cb9c938dc842d5c52a16c7443fdb4ae3" title="Parse command line arguments argc, argv." alt="" coords="133,299,219,328">
<area shape="rect" id="node31" href="$maos_2parms_8h.html#97bc282d28009f59b0b4e51013062588" title="This routine calles other routines in this file to setup the parms parameter struct..." alt="" coords="128,352,224,381">
<area shape="rect" id="node11" href="$setup__aper_8c.html#ea65e60525339d2921549850d52e8464" title="Free the aper structure after simulation." alt="" coords="307,5,381,35">
<area shape="rect" id="node13" href="$maos_2setup__powfs_8c.html#4fdd29141f0d60af1fd7c6b2385f0031" title="Free all parameters of powfs at the end of simulation." alt="" coords="303,59,385,88">
<area shape="rect" id="node15" href="$setup__recon_8c.html#810c17bd7027feae0decafb93f48efcf" title="Free the recon struct." alt="" coords="303,112,385,141">
<area shape="rect" id="node17" href="$setup__aper_8c.html#bf63108c7633e5a353e73cd913fc9c26" title="Setting up aperture cordinate grid aper_locs, and amplitude map for performance evaluation..." alt="" coords="301,165,387,195">
<area shape="rect" id="node19" href="$maos_2setup__powfs_8c.html#c7b704504acb96d7fbcbdd60f15c6cf8" title="Setup the powfs struct based on parms and aper." alt="" coords="297,219,391,248">
<area shape="rect" id="node21" href="$setup__recon_8c.html#6ec32666222d37047d7775b874969a2e" title="Sets up the reconstruction structs including wavefront reconstructor and DM fitting..." alt="" coords="297,272,391,301">
<area shape="rect" id="node23" href="$sim_8c.html#b5fd8ff2c1fe7a6270dad89ec5da4873" title="Closed loop simulation main loop." alt="" coords="323,325,365,355">
<area shape="rect" id="node25" href="$sim__utils_8c.html#1e1e48b76ff317024b24ae00f7096a56" title="Just do open loop error evalution." alt="" coords="307,379,381,408">
