<area shape="rect" id="node3" href="$setup__aper_8c.html#9db3ace3a5bde956884eea3f549a6fed" title="Free the aper structure after simulation." alt="" coords="117,106,197,134">
<area shape="rect" id="node5" href="$maos_2setup__powfs_8c.html#4fdd29141f0d60af1fd7c6b2385f0031" title="Free all parameters of powfs at the end of simulation." alt="" coords="113,157,201,185">
<area shape="rect" id="node7" href="$setup__recon_8c.html#810c17bd7027feae0decafb93f48efcf" title="Free the recon struct." alt="" coords="115,207,200,235">
<area shape="rect" id="node9" href="$setup__aper_8c.html#bf63108c7633e5a353e73cd913fc9c26" title="Setting up aperture cordinate grid aper_locs, and amplitude map for performance evaluation..." alt="" coords="113,258,201,286">
<area shape="rect" id="node11" href="$maos_2setup__powfs_8c.html#c7b704504acb96d7fbcbdd60f15c6cf8" title="Setup the powfs struct based on parms and aper." alt="" coords="109,309,205,337">
<area shape="rect" id="node33" href="$setup__recon_8c.html#6ec32666222d37047d7775b874969a2e" title="Sets up the reconstruction structs including wavefront reconstructor and DM fitting..." alt="" coords="111,1525,204,1553">
<area shape="rect" id="node71" href="$sim_8c.html#b5fd8ff2c1fe7a6270dad89ec5da4873" title="Closed loop simulation main loop." alt="" coords="136,765,179,793">
<area shape="rect" id="node98" href="$sim__utils_8c.html#1e1e48b76ff317024b24ae00f7096a56" title="Just do open loop error evalution." alt="" coords="119,587,196,615">
<area shape="rect" id="node13" href="$maos_2setup__powfs_8c.html#b1890fbc6facc2013338054962b1398a" title="Setting up Detector transfer function used to translate PSFs from FFTs to detector..." alt="" coords="284,5,401,33">
<area shape="rect" id="node15" href="$maos_2setup__powfs_8c.html#bd59ad37c2a3372a70066e4b5cf34ac1" title="Compute Elongation Transfer function." alt="" coords="284,55,401,83">
<area shape="rect" id="node17" href="$maos_2setup__powfs_8c.html#7bbae2bc69e06f553d55c7c2d8c68ff3" title="setup the range to sodium layer as an additional parameter." alt="" coords="275,106,411,134">
<area shape="rect" id="node19" href="$maos_2setup__powfs_8c.html#77b6fd986d6105964adf2c844ee9df87" title="setting up subaperture geometry." alt="" coords="275,157,411,185">
<area shape="rect" id="node21" href="$maos_2setup__powfs_8c.html#e92ae33f8f650cb9c7975044bd82432f" title="Creating geometric wavefront gradient operator GS0 and ZA0 from WFS OPD to subaperture..." alt="" coords="277,207,408,235">
<area shape="rect" id="node23" href="$maos_2setup__powfs_8c.html#a8ee626a374ebefb84c2d560793c4c1e" title="setting up uplink pts/amp lotf" alt="" coords="285,258,400,286">
<area shape="rect" id="node25" href="$maos_2setup__powfs_8c.html#a16bf88378b48f5765294689df77c22f" title="Setup the matched filter pixel processing parameters for physical optics wfs." alt="" coords="276,309,409,337">
<area shape="rect" id="node27" href="$maos_2setup__powfs_8c.html#2589e29c8b5c4bd05b33da3638e8ae53" title="Set up NCPA maps for each WFS." alt="" coords="277,359,408,387">
<area shape="rect" id="node29" href="$maos_2setup__powfs_8c.html#b1409e69dddf8131559ea35731109bda" title="Prepare the parameters for physical optics setup." alt="" coords="264,410,421,438">
<area shape="rect" id="node31" href="$maos_2setup__powfs_8c.html#e2eab1b8ad97f659e38afe630140834e" title="Load and smooth out sodium profile." alt="" coords="269,461,416,489">
<area shape="rect" id="node35" href="$dmat_8h.html#0d7497e2dbb79adb228de6bdde4a201e" title="Create a new T matrix object." alt="" coords="480,1145,533,1173">
<area shape="rect" id="node37" href="$dmat_8h.html#a9c20ae37907780af63d91312d4fea38" title="creat a X(mat) reference an existing X(mat)." alt="" coords="320,1778,365,1806">
<area shape="rect" id="node39" href="$dmat_8h.html#705d6399ce6e7f7064d12f4eb131d47d" title="set values of each element in a X(mat) to val." alt="" coords="320,1829,365,1857">
<area shape="rect" id="node41" href="$fdpcg_8c.html#8af00f91380661f9d85542ac9738ba95" title="Prepare data for Tomography Fourier Domain Preconditioner." alt="" coords="289,1879,396,1907">
<area shape="rect" id="node43" href="$ahst_8c.html#55c65679c193d90bc7f5175ebb17733f" title="setup NGS modes and reconstructor using AHST for one or two DMs." alt="" coords="288,1930,397,1958">
<area shape="rect" id="node45" href="$setup__recon_8c.html#0182734530b87fcf5498aea2e8d1e5c0" title="Setup the deformable mirrors grid aloc." alt="" coords="280,1981,405,2009">
<area shape="rect" id="node47" href="$setup__recon_8c.html#f7a8a7478b06b8b4f0d27784819f41c2" title="Assemble the DM fitting matrix." alt="" coords="264,1119,421,1147">
<area shape="rect" id="node49" href="$setup__recon_8c.html#4f4abf13c9b0972de67fab348bb9f470" title="Create the reconstructor to reconstruct the residual focus error due to LGS sodium..." alt="" coords="276,1170,409,1198">
<area shape="rect" id="node51" href="$setup__recon_8c.html#912dce9181aa58d65477058caa4d0c13" title="Setup gradient operator GX, GA on xloc, aloc." alt="" coords="272,1221,413,1249">
<area shape="rect" id="node53" href="$setup__recon_8c.html#dcd024580204a29e51a9345202d56e73" title="Setup ray tracing operator HXF,HA from xloc, aloc to aperture ploc." alt="" coords="269,1271,416,1299">
<area shape="rect" id="node55" href="$moao_8c.html#c70e508023f8816854d7d4eaf0452aa6" title="Prepare the propagation H matrix for MOAO and compute the reconstructor." alt="" coords="275,1322,411,1350">
<area shape="rect" id="node57" href="$setup__recon_8c.html#73a310c15901ee437d44af53a66b22a6" title="compute the MVST split tomography NGS mode reconstructor." alt="" coords="277,1373,408,1401">
<area shape="rect" id="node59" href="$setup__recon_8c.html#928f34035de84ed317aa075e7a7ddac9" title="Setting up PLOC grid, which is a coarse sampled (similar to subaperture spacing)..." alt="" coords="280,1423,405,1451">
<area shape="rect" id="node61" href="$setup__recon_8c.html#3f6cf2f9b4c4e8dbe3cba7df6a41fa9b" title="Setup the matrix of the inverse of gradient measurement noise equivalent angle covariance..." alt="" coords="272,1474,413,1502">
<area shape="rect" id="node63" href="$setup__recon_8c.html#764bf903a38cfc81220e42699e911884" title="assemble tomography matrix." alt="" coords="255,1525,431,1553">
<area shape="rect" id="node65" href="$setup__recon_8c.html#2ade74dd6feba7dba0a4b6f38fe134a8" title="Prepares for tomography." alt="" coords="260,1575,425,1603">
<area shape="rect" id="node67" href="$setup__recon_8c.html#caa963e8fb3e5e0201f312327e4d94e8" title="wrapps setup_recon_TTR() and setup_recon_DFR() to removal global tip/tilt and differential..." alt="" coords="275,1626,411,1654">
<area shape="rect" id="node69" href="$setup__recon_8c.html#93517d5a67108f02872fea3ca166df0a" title="Setup the tomography grids xloc which is used for Tomography." alt="" coords="280,1677,405,1705">
<area shape="rect" id="node73" href="$filter_8c.html#afaf3cf93da63d63bd5f43be060ffa9c" title="Does the servo filtering by calling filter_cl() or filter_ol()." alt="" coords="319,815,367,843">
<area shape="rect" id="node75" href="$sim__utils_8c.html#84b825eee317f2e6b919c95773cd847f" title="Release memory of simu (of type SIM_T) and close files." alt="" coords="303,613,383,641">
<area shape="rect" id="node77" href="$sim__utils_8c.html#399be906c89239f2d06949ee5df937ee" title="wrap of the generic vonkarman_genscreen to generate turbulence screens." alt="" coords="301,562,384,590">
<area shape="rect" id="node80" href="$sim__utils_8c.html#27c195134fbcb70dbf90b5ff2ee82a84" title="Initialize simu (of type SIM_T) and various simulation data structs." alt="" coords="305,663,380,691">
<area shape="rect" id="node82" href="$moao_8c.html#f62a4685464fea7bdd37d04c821c3caf" title="mao_recon happens after the common DM fitting and its integrator output to take into..." alt="" coords="295,866,391,894">
<area shape="rect" id="node84" href="$perfevl_8c.html#19afa47f9c816174b2fab7b46eba5c32" title="Evaluate performance by calling perfevl_ievl in parallel and then calls perfevl_mean..." alt="" coords="311,714,375,742">
<area shape="rect" id="node86" href="$sim__utils_8c.html#0be16bd01f2529c9b983cbc5db7fe691" title="Print out wavefront error information and timing at each time step." alt="" coords="289,511,396,539">
<area shape="rect" id="node88" href="$sim__utils_8c.html#245796513a02d7892e76cea88316394e" title="Save telemetry data during simulation every 50 time steps." alt="" coords="300,917,385,945">
<area shape="rect" id="node90" href="$sim__utils_8c.html#f566f334aaf19cf9ad3ed5a847c2aee9" title="Output parameters necessary to run postproc using skyc/skyc.c." alt="" coords="301,967,384,995">
<area shape="rect" id="node92" href="$sim__utils_8c.html#de5601f0c0ffa73c27aa90ec087d54ac" title="Evolving the Sodium layer by updating the elongation transfer function." alt="" coords="285,1018,400,1046">
<area shape="rect" id="node94" href="$recon_8c.html#17defa53668245c14cd494b9fab761f1" title="Calls tomo() and fit() to do the tomography and DM fit." alt="" coords="311,1069,375,1097">
<area shape="rect" id="node96" href="$wfsgrad_8c.html#99e7e23b2226afc767fc176f352f6e11" title="Calls wfsgrad_iwfs() to computes WFS gradient in parallel." alt="" coords="308,765,377,793">
