<area shape="rect" id="node3" href="$dmat_8h.html#0d7497e2dbb79adb228de6bdde4a201e" title="Create a new T matrix object." alt="" coords="212,5,265,33">
<area shape="rect" id="node5" href="$dmat_8h.html#a9c20ae37907780af63d91312d4fea38" title="creat a X(mat) reference an existing X(mat)." alt="" coords="216,55,261,83">
<area shape="rect" id="node7" href="$dmat_8h.html#705d6399ce6e7f7064d12f4eb131d47d" title="set values of each element in a X(mat) to val." alt="" coords="216,106,261,134">
<area shape="rect" id="node9" href="$fdpcg_8c.html#8af00f91380661f9d85542ac9738ba95" title="Prepare data for Tomography Fourier Domain Preconditioner." alt="" coords="185,157,292,185">
<area shape="rect" id="node11" href="$ahst_8c.html#55c65679c193d90bc7f5175ebb17733f" title="setup NGS modes and reconstructor using AHST for one or two DMs." alt="" coords="184,207,293,235">
<area shape="rect" id="node13" href="$setup__recon_8c.html#0182734530b87fcf5498aea2e8d1e5c0" title="Setup the deformable mirrors grid aloc." alt="" coords="176,258,301,286">
<area shape="rect" id="node15" href="$setup__recon_8c.html#f7a8a7478b06b8b4f0d27784819f41c2" title="Assemble the DM fitting matrix." alt="" coords="160,309,317,337">
<area shape="rect" id="node17" href="$setup__recon_8c.html#4f4abf13c9b0972de67fab348bb9f470" title="Create the reconstructor to reconstruct the residual focus error due to LGS sodium..." alt="" coords="172,359,305,387">
<area shape="rect" id="node19" href="$setup__recon_8c.html#912dce9181aa58d65477058caa4d0c13" title="Setup gradient operator GX, GA on xloc, aloc." alt="" coords="168,410,309,438">
<area shape="rect" id="node21" href="$setup__recon_8c.html#dcd024580204a29e51a9345202d56e73" title="Setup ray tracing operator HXF,HA from xloc, aloc to aperture ploc." alt="" coords="165,461,312,489">
<area shape="rect" id="node23" href="$moao_8c.html#c70e508023f8816854d7d4eaf0452aa6" title="Prepare the propagation H matrix for MOAO and compute the reconstructor." alt="" coords="171,511,307,539">
<area shape="rect" id="node25" href="$setup__recon_8c.html#73a310c15901ee437d44af53a66b22a6" title="compute the MVST split tomography NGS mode reconstructor." alt="" coords="173,562,304,590">
<area shape="rect" id="node27" href="$setup__recon_8c.html#928f34035de84ed317aa075e7a7ddac9" title="Setting up PLOC grid, which is a coarse sampled (similar to subaperture spacing)..." alt="" coords="176,613,301,641">
<area shape="rect" id="node29" href="$setup__recon_8c.html#3f6cf2f9b4c4e8dbe3cba7df6a41fa9b" title="Setup the matrix of the inverse of gradient measurement noise equivalent angle covariance..." alt="" coords="168,663,309,691">
<area shape="rect" id="node31" href="$setup__recon_8c.html#764bf903a38cfc81220e42699e911884" title="assemble tomography matrix." alt="" coords="151,714,327,742">
<area shape="rect" id="node33" href="$setup__recon_8c.html#2ade74dd6feba7dba0a4b6f38fe134a8" title="Prepares for tomography." alt="" coords="156,765,321,793">
<area shape="rect" id="node35" href="$setup__recon_8c.html#caa963e8fb3e5e0201f312327e4d94e8" title="wrapps setup_recon_TTR() and setup_recon_DFR() to removal global tip/tilt and differential..." alt="" coords="171,815,307,843">
<area shape="rect" id="node37" href="$setup__recon_8c.html#93517d5a67108f02872fea3ca166df0a" title="Setup the tomography grids xloc which is used for Tomography." alt="" coords="176,866,301,894">
