<area shape="rect" id="node3" href="$filter_8c.html#afaf3cf93da63d63bd5f43be060ffa9c" title="Does the servo filtering by calling filter_cl() or filter_ol()." alt="" coords="129,5,177,33">
<area shape="rect" id="node5" href="$sim__utils_8c.html#84b825eee317f2e6b919c95773cd847f" title="Release memory of simu (of type SIM_T) and close files." alt="" coords="113,55,193,83">
<area shape="rect" id="node7" href="$sim__utils_8c.html#399be906c89239f2d06949ee5df937ee" title="wrap of the generic vonkarman_genscreen to generate turbulence screens." alt="" coords="112,106,195,134">
<area shape="rect" id="node17" href="$sim__utils_8c.html#27c195134fbcb70dbf90b5ff2ee82a84" title="Initialize simu (of type SIM_T) and various simulation data structs." alt="" coords="116,157,191,185">
<area shape="rect" id="node19" href="$moao_8c.html#f62a4685464fea7bdd37d04c821c3caf" title="mao_recon happens after the common DM fitting and its integrator output to take into..." alt="" coords="105,207,201,235">
<area shape="rect" id="node21" href="$perfevl_8c.html#19afa47f9c816174b2fab7b46eba5c32" title="Evaluate performance by calling perfevl_ievl in parallel and then calls perfevl_mean..." alt="" coords="121,258,185,286">
<area shape="rect" id="node23" href="$sim__utils_8c.html#0be16bd01f2529c9b983cbc5db7fe691" title="Print out wavefront error information and timing at each time step." alt="" coords="100,309,207,337">
<area shape="rect" id="node25" href="$sim__utils_8c.html#245796513a02d7892e76cea88316394e" title="Save telemetry data during simulation every 50 time steps." alt="" coords="111,359,196,387">
<area shape="rect" id="node27" href="$sim__utils_8c.html#f566f334aaf19cf9ad3ed5a847c2aee9" title="Output parameters necessary to run postproc using skyc/skyc.c." alt="" coords="112,410,195,438">
<area shape="rect" id="node29" href="$sim__utils_8c.html#de5601f0c0ffa73c27aa90ec087d54ac" title="Evolving the Sodium layer by updating the elongation transfer function." alt="" coords="96,461,211,489">
<area shape="rect" id="node31" href="$recon_8c.html#17defa53668245c14cd494b9fab761f1" title="Calls tomo() and fit() to do the tomography and DM fit." alt="" coords="121,511,185,539">
<area shape="rect" id="node33" href="$wfsgrad_8c.html#99e7e23b2226afc767fc176f352f6e11" title="Calls wfsgrad_iwfs() to computes WFS gradient in parallel." alt="" coords="119,562,188,590">
<area shape="rect" id="node9" href="$turbulence_8c.html#4d1f13df09896188e9b77b998f19a8d8" title="Generate screens from PSD with power of 12/3 instead of 11/3." alt="" coords="260,30,393,58">
<area shape="rect" id="node11" href="$dmat_8h.html#0d7497e2dbb79adb228de6bdde4a201e" title="Create a new T matrix object." alt="" coords="300,81,353,109">
<area shape="rect" id="node13" href="$draw_8c.html#92e1482bf0fce35d3ff3789695bfecd8" title="like ddraw, acting on sqmap object." alt="" coords="288,131,365,159">
<area shape="rect" id="node15" href="$turbulence_8c.html#8f2a0c217281c3160efef75176b047dc" title="Generate vonkarman screens from turbulence statistics." alt="" coords="259,182,395,210">
