<area shape="rect" id="node3" href="$sim__utils_8c.html#84b825eee317f2e6b919c95773cd847f" title="Release memory of simu (of type SIM_T) and close files." alt="" coords="141,32,219,61">
<area shape="rect" id="node5" href="$sim__utils_8c.html#399be906c89239f2d06949ee5df937ee" title="wrap of the generic vonkarman_genscreen to generate turbulence screens." alt="" coords="139,85,221,115">
<area shape="rect" id="node15" href="$sim__utils_8c.html#27c195134fbcb70dbf90b5ff2ee82a84" title="Initialize simu (of type SIM_T) and various simulation data structs." alt="" coords="143,139,217,168">
<area shape="rect" id="node17" href="$perfevl_8c.html#19afa47f9c816174b2fab7b46eba5c32" title="Evaluate performance by calling perfevl_ievl in parallel and then calls perfevl_mean..." alt="" coords="151,192,209,221">
<area shape="rect" id="node19" href="$sim__utils_8c.html#0be16bd01f2529c9b983cbc5db7fe691" title="Print out wavefront error information and timing at each time step." alt="" coords="128,245,232,275">
<area shape="rect" id="node7" href="$turbulence_8c.html#4d1f13df09896188e9b77b998f19a8d8" title="Generate screens from PSD with power of 12/3 instead of 11/3." alt="" coords="280,5,411,35">
<area shape="rect" id="node9" href="$dmat_8h.html#0d7497e2dbb79adb228de6bdde4a201e" title="Create a new T matrix object." alt="" coords="320,59,371,88">
<area shape="rect" id="node11" href="$draw_8c.html#92e1482bf0fce35d3ff3789695bfecd8" title="like ddraw, acting on sqmap object." alt="" coords="308,112,383,141">
<area shape="rect" id="node13" href="$turbulence_8c.html#8f2a0c217281c3160efef75176b047dc" title="Generate vonkarman screens from turbulence statistics." alt="" coords="280,165,411,195">
